[assertion.1] Range Check: SUCCESS
[assertion.2] Range Check: FAILURE
[assertion.3] Range Check: FAILURE
VERIFICATION FAILED
